.\gradlew.bat : WARNING: A restricted method in java.lang.System has been called
At line:1 char:1
+ .\gradlew.bat compileDebugKotlin 2>&1 | Out-File -FilePath ".\build_e ...
+ ~~~~~~~~~~~~~~~~~~~~~~~~~~~~~~~~~~~~~
    + CategoryInfo          : NotSpecified: (WARNING: A rest...has been called:String) [], RemoteException
    + FullyQualifiedErrorId : NativeCommandError
 
WARNING: java.lang.System::load has been called by net.rubygrapefruit.platform.internal.NativeLibraryLoader in an 
unnamed module (file:/C:/Users/anubh/.gradle/wrapper/dists/gradle-9.1.0-bin/9agqghryom9wkf8r80qlhnts3/gradle-9.1.0/lib/
native-platform-0.22-milestone-28.jar)
WARNING: Use --enable-native-access=ALL-UNNAMED to avoid a warning for callers in this module
WARNING: Restricted methods will be blocked in a future release unless native access is enabled

Starting a Gradle Daemon, 1 incompatible and 7 stopped Daemons could not be reused, use --status for details
Daemon JVM discovery is an incubating feature.
Reusing configuration cache.
> Task :app:preBuild UP-TO-DATE
> Task :app:preDebugBuild UP-TO-DATE
> Task :app:generateDebugBuildConfig UP-TO-DATE
> Task :app:generateDebugResources UP-TO-DATE
> Task :app:packageDebugResources UP-TO-DATE
> Task :app:processDebugNavigationResources UP-TO-DATE
> Task :app:parseDebugLocalResources UP-TO-DATE
> Task :app:generateDebugRFile UP-TO-DATE
> Task :app:kspDebugKotlin UP-TO-DATE
> Task :app:compileDebugKotlin UP-TO-DATE

BUILD SUCCESSFUL in 10s
8 actionable tasks: 8 up-to-date
Configuration cache entry reused.
